// Jest Snapshot v1, https://goo.gl/fbAQLP

exports[`snapshot renders 1`] = `
<div
  className="app-root"
>
  <div>
    <nav
      className="nav-bar"
    >
      <ul>
        <li>
          <a
            className="logo-link"
            href="/"
            onClick={[Function]}
          >
            <img
              alt="New Engen Logo"
              className="logo-icon"
              src="NewEngen-Logo.svg"
            />
          </a>
        </li>
        <li>
          <a
            className="cart-link"
            href="/cart"
            onClick={[Function]}
          >
            <img
              alt="Cart Icon"
              className="cart-icon"
              src="CartIcon.svg"
            />
            <span
              className="cart-amount"
            />
          </a>
        </li>
      </ul>
    </nav>
    <div
      className="home-page"
    >
      <ul
        className="swatch-list"
      />
      <button
        onClick={[Function]}
        type="button"
      >
        Load More
      </button>
    </div>
  </div>
</div>
`;
